store/cart.ts(26,3): error TS2345: Argument of type 'StateCreator<{ items: never[]; addItem: (item: any, quantity?: number | undefined) => void; removeItem: (id: string) => void; updateQuantity: (id: string, quantity: number) => void; clearCart: () => void; getCartTotal: () => any; getCartCount: () => any; }, [], [...]>' is not assignable to parameter of type 'StateCreator<CartState, [], [["zustand/persist", unknown]]>'.
  Type 'StateCreator<{ items: never[]; addItem: (item: any, quantity?: number | undefined) => void; removeItem: (id: string) => void; updateQuantity: (id: string, quantity: number) => void; clearCart: () => void; getCartTotal: () => any; getCartCount: () => any; }, [], [...]>' is not assignable to type '(setState: { (partial: CartState | Partial<CartState> | ((state: CartState) => CartState | Partial<CartState>), replace?: false | undefined): void; (state: CartState | ((state: CartState) => CartState), replace: true): void; }, getState: () => CartState, store: StoreApi<...>) => CartState'.
    Types of parameters 'getState' and 'getState' are incompatible.
      Type '() => CartState' is not assignable to type '() => { items: never[]; addItem: (item: any, quantity?: number | undefined) => void; removeItem: (id: string) => void; updateQuantity: (id: string, quantity: number) => void; clearCart: () => void; getCartTotal: () => any; getCartCount: () => any; }'.
        Call signature return types 'CartState' and '{ items: never[]; addItem: (item: any, quantity?: number | undefined) => void; removeItem: (id: string) => void; updateQuantity: (id: string, quantity: number) => void; clearCart: () => void; getCartTotal: () => any; getCartCount: () => any; }' are incompatible.
          The types of 'items' are incompatible between these types.
            Type 'CartItem[]' is not assignable to type 'never[]'.
              Type 'CartItem' is not assignable to type 'never'.
